Iff
    ( Span
        { start = AlexSourcePos
            { line = 0
            , col = 1
            }
        , end = AlexSourcePos
            { line = 0
            , col = 42
            }
        }
    )
    ( Path
        ( Span
            { start = AlexSourcePos
                { line = 0
                , col = 7
                }
            , end = AlexSourcePos
                { line = 0
                , col = 12
                }
            }
        )
        [ Obj
            ( Span
                { start = AlexSourcePos
                    { line = 0
                    , col = 7
                    }
                , end = AlexSourcePos
                    { line = 0
                    , col = 8
                    }
                }
            ) "$"
        , Obj
            ( Span
                { start = AlexSourcePos
                    { line = 0
                    , col = 8
                    }
                , end = AlexSourcePos
                    { line = 0
                    , col = 12
                    }
                }
            ) "foo"
        ]
    )
    ( Number
        ( Span
            { start = AlexSourcePos
                { line = 0
                , col = 16
                }
            , end = AlexSourcePos
                { line = 0
                , col = 17
                }
            }
        ) 1.0
    )
    ( Null
        ( Span
            { start = AlexSourcePos
                { line = 0
                , col = 29
                }
            , end = AlexSourcePos
                { line = 0
                , col = 33
                }
            }
        )
    )