Array
    ( Span
        { start = AlexSourcePos
            { line = 0
            , col = 1
            }
        , end = AlexSourcePos
            { line = 0
            , col = 66
            }
        }
    )
    [ Range
        ( Span
            { start = AlexSourcePos
                { line = 0
                , col = 2
                }
            , end = AlexSourcePos
                { line = 0
                , col = 65
                }
            }
        )
        ( Just "i" ) "x"
        [ Obj
            ( Span
                { start = AlexSourcePos
                    { line = 0
                    , col = 19
                    }
                , end = AlexSourcePos
                    { line = 0
                    , col = 20
                    }
                }
            ) "$"
        , Obj
            ( Span
                { start = AlexSourcePos
                    { line = 0
                    , col = 20
                    }
                , end = AlexSourcePos
                    { line = 0
                    , col = 27
                    }
                }
            ) "events"
        ]
        ( Object
            ( Span
                { start = AlexSourcePos
                    { line = 0
                    , col = 31
                    }
                , end = AlexSourcePos
                    { line = 0
                    , col = 55
                    }
                }
            )
            ( fromList
                [
                    ( "name"
                    , Path
                        ( Span
                            { start = AlexSourcePos
                                { line = 0
                                , col = 41
                                }
                            , end = AlexSourcePos
                                { line = 0
                                , col = 53
                                }
                            }
                        )
                        [ Obj
                            ( Span
                                { start = AlexSourcePos
                                    { line = 0
                                    , col = 44
                                    }
                                , end = AlexSourcePos
                                    { line = 0
                                    , col = 45
                                    }
                                }
                            ) "x"
                        , Obj
                            ( Span
                                { start = AlexSourcePos
                                    { line = 0
                                    , col = 45
                                    }
                                , end = AlexSourcePos
                                    { line = 0
                                    , col = 50
                                    }
                                }
                            ) "name"
                        ]
                    )
                ]
            )
        )
    ]