Array
    ( Span
        { start = AlexSourcePos
            { line = 0
            , col = 1
            }
        , end = AlexSourcePos
            { line = 5
            , col = 2
            }
        }
    )
    [ Path
        ( Span
            { start = AlexSourcePos
                { line = 1
                , col = 3
                }
            , end = AlexSourcePos
                { line = 1
                , col = 15
                }
            }
        )
        [ Obj
            ( Span
                { start = AlexSourcePos
                    { line = 1
                    , col = 6
                    }
                , end = AlexSourcePos
                    { line = 1
                    , col = 7
                    }
                }
            ) "$"
        , Obj
            ( Span
                { start = AlexSourcePos
                    { line = 1
                    , col = 7
                    }
                , end = AlexSourcePos
                    { line = 1
                    , col = 12
                    }
                }
            ) "path"
        ]
    , Path
        ( Span
            { start = AlexSourcePos
                { line = 2
                , col = 3
                }
            , end = AlexSourcePos
                { line = 2
                , col = 18
                }
            }
        )
        [ Obj
            ( Span
                { start = AlexSourcePos
                    { line = 2
                    , col = 6
                    }
                , end = AlexSourcePos
                    { line = 2
                    , col = 10
                    }
                }
            ) "$foo"
        , Obj
            ( Span
                { start = AlexSourcePos
                    { line = 2
                    , col = 10
                    }
                , end = AlexSourcePos
                    { line = 2
                    , col = 15
                    }
                }
            ) "path"
        ]
    , Path
        ( Span
            { start = AlexSourcePos
                { line = 3
                , col = 3
                }
            , end = AlexSourcePos
                { line = 3
                , col = 19
                }
            }
        )
        [ Obj
            ( Span
                { start = AlexSourcePos
                    { line = 3
                    , col = 6
                    }
                , end = AlexSourcePos
                    { line = 3
                    , col = 7
                    }
                }
            ) "x"
        , Obj
            ( Span
                { start = AlexSourcePos
                    { line = 3
                    , col = 7
                    }
                , end = AlexSourcePos
                    { line = 3
                    , col = 12
                    }
                }
            ) "path"
        , Obj
            ( Span
                { start = AlexSourcePos
                    { line = 3
                    , col = 12
                    }
                , end = AlexSourcePos
                    { line = 3
                    , col = 16
                    }
                }
            ) "foo"
        ]
    , Path
        ( Span
            { start = AlexSourcePos
                { line = 4
                , col = 3
                }
            , end = AlexSourcePos
                { line = 4
                , col = 22
                }
            }
        )
        [ Obj
            ( Span
                { start = AlexSourcePos
                    { line = 4
                    , col = 6
                    }
                , end = AlexSourcePos
                    { line = 4
                    , col = 7
                    }
                }
            ) "x"
        , Obj
            ( Span
                { start = AlexSourcePos
                    { line = 4
                    , col = 7
                    }
                , end = AlexSourcePos
                    { line = 4
                    , col = 12
                    }
                }
            ) "path"
        , Obj
            ( Span
                { start = AlexSourcePos
                    { line = 4
                    , col = 12
                    }
                , end = AlexSourcePos
                    { line = 4
                    , col = 16
                    }
                }
            ) "foo"
        , Arr
            ( Span
                { start = AlexSourcePos
                    { line = 4
                    , col = 16
                    }
                , end = AlexSourcePos
                    { line = 4
                    , col = 19
                    }
                }
            ) 1
        ]
    ]