Object
    ( fromList
        [
            ( "bar"
            , StringInterp
                ( SourcePosition
                    { _sourceName = "sourceName"
                    , _line = 1
                    , _column = 35
                    }
                , Just
                    ( SourcePosition
                        { _sourceName = "sourceName"
                        , _line = 1
                        , _column = 60
                        }
                    )
                )
                [ String ""
                , Path
                    [
                        (
                            ( SourcePosition
                                { _sourceName = "sourceName"
                                , _line = 1
                                , _column = 1
                                }
                            , Just
                                ( SourcePosition
                                    { _sourceName = "sourceName"
                                    , _line = 1
                                    , _column = 4
                                    }
                                )
                            )
                        , Obj "obj"
                        )
                    ,
                        (
                            ( SourcePosition
                                { _sourceName = "sourceName"
                                , _line = 1
                                , _column = 4
                                }
                            , Just
                                ( SourcePosition
                                    { _sourceName = "sourceName"
                                    , _line = 1
                                    , _column = 15
                                    }
                                )
                            )
                        , Obj "a b cde-fgh"
                        )
                    ]
                ]
            )
        ,
            ( "foo"
            , StringInterp
                ( SourcePosition
                    { _sourceName = "sourceName"
                    , _line = 1
                    , _column = 10
                    }
                , Just
                    ( SourcePosition
                        { _sourceName = "sourceName"
                        , _line = 1
                        , _column = 26
                        }
                    )
                )
                [ String ""
                , Path
                    [
                        (
                            ( SourcePosition
                                { _sourceName = "sourceName"
                                , _line = 1
                                , _column = 1
                                }
                            , Just
                                ( SourcePosition
                                    { _sourceName = "sourceName"
                                    , _line = 1
                                    , _column = 4
                                    }
                                )
                            )
                        , Obj "obj"
                        )
                    ,
                        (
                            ( SourcePosition
                                { _sourceName = "sourceName"
                                , _line = 1
                                , _column = 4
                                }
                            , Just
                                ( SourcePosition
                                    { _sourceName = "sourceName"
                                    , _line = 1
                                    , _column = 7
                                    }
                                )
                            )
                        , Obj "x-y"
                        )
                    ]
                ]
            )
        ]
    )
