Object
    ( Span
        { start = AlexSourcePos
            { line = 0
            , col = 1
            }
        , end = AlexSourcePos
            { line = 12
            , col = 2
            }
        }
    )
    ( fromList
        [
            ( "event"
            , Object
                ( Span
                    { start = AlexSourcePos
                        { line = 1
                        , col = 12
                        }
                    , end = AlexSourcePos
                        { line = 11
                        , col = 4
                        }
                    }
                )
                ( fromList
                    [
                        ( "author"
                        , Object
                            ( Span
                                { start = AlexSourcePos
                                    { line = 4
                                    , col = 15
                                    }
                                , end = AlexSourcePos
                                    { line = 10
                                    , col = 6
                                    }
                                }
                            )
                            ( fromList
                                [
                                    ( "articles"
                                    , Array
                                        ( Span
                                            { start = AlexSourcePos
                                                { line = 5
                                                , col = 19
                                                }
                                            , end = AlexSourcePos
                                                { line = 9
                                                , col = 8
                                                }
                                            }
                                        )
                                        [ Object
                                            ( Span
                                                { start = AlexSourcePos
                                                    { line = 6
                                                    , col = 9
                                                    }
                                                , end = AlexSourcePos
                                                    { line = 6
                                                    , col = 78
                                                    }
                                                }
                                            )
                                            ( fromList
                                                [
                                                    ( "title"
                                                    , StringTem
                                                        ( Span
                                                            { start = AlexSourcePos
                                                                { line = 6
                                                                , col = 29
                                                                }
                                                            , end = AlexSourcePos
                                                                { line = 6
                                                                , col = 43
                                                                }
                                                            }
                                                        )
                                                        [ String
                                                            ( Span
                                                                { start = AlexSourcePos
                                                                    { line = 6
                                                                    , col = 30
                                                                    }
                                                                , end = AlexSourcePos
                                                                    { line = 6
                                                                    , col = 42
                                                                    }
                                                                }
                                                            ) "The Elements"
                                                        ]
                                                    )
                                                ,
                                                    ( "published"
                                                    , Boolean
                                                        ( Span
                                                            { start = AlexSourcePos
                                                                { line = 6
                                                                , col = 73
                                                                }
                                                            , end = AlexSourcePos
                                                                { line = 6
                                                                , col = 77
                                                                }
                                                            }
                                                        ) True
                                                    )
                                                ,
                                                    ( "length"
                                                    , Number
                                                        ( Span
                                                            { start = AlexSourcePos
                                                                { line = 6
                                                                , col = 55
                                                                }
                                                            , end = AlexSourcePos
                                                                { line = 6
                                                                , col = 58
                                                                }
                                                            }
                                                        ) 150.0
                                                    )
                                                ,
                                                    ( "id"
                                                    , Number
                                                        ( Span
                                                            { start = AlexSourcePos
                                                                { line = 6
                                                                , col = 17
                                                                }
                                                            , end = AlexSourcePos
                                                                { line = 6
                                                                , col = 18
                                                                }
                                                            }
                                                        ) 0.0
                                                    )
                                                ]
                                            )
                                        , Object
                                            ( Span
                                                { start = AlexSourcePos
                                                    { line = 7
                                                    , col = 9
                                                    }
                                                , end = AlexSourcePos
                                                    { line = 7
                                                    , col = 80
                                                    }
                                                }
                                            )
                                            ( fromList
                                                [
                                                    ( "title"
                                                    , StringTem
                                                        ( Span
                                                            { start = AlexSourcePos
                                                                { line = 7
                                                                , col = 29
                                                                }
                                                            , end = AlexSourcePos
                                                                { line = 7
                                                                , col = 44
                                                                }
                                                            }
                                                        )
                                                        [ String
                                                            ( Span
                                                                { start = AlexSourcePos
                                                                    { line = 7
                                                                    , col = 30
                                                                    }
                                                                , end = AlexSourcePos
                                                                    { line = 7
                                                                    , col = 43
                                                                    }
                                                                }
                                                            ) "ARRL Handbook"
                                                        ]
                                                    )
                                                ,
                                                    ( "published"
                                                    , Boolean
                                                        ( Span
                                                            { start = AlexSourcePos
                                                                { line = 7
                                                                , col = 75
                                                                }
                                                            , end = AlexSourcePos
                                                                { line = 7
                                                                , col = 79
                                                                }
                                                            }
                                                        ) True
                                                    )
                                                ,
                                                    ( "length"
                                                    , Number
                                                        ( Span
                                                            { start = AlexSourcePos
                                                                { line = 7
                                                                , col = 56
                                                                }
                                                            , end = AlexSourcePos
                                                                { line = 7
                                                                , col = 60
                                                                }
                                                            }
                                                        ) 1000.0
                                                    )
                                                ,
                                                    ( "id"
                                                    , Number
                                                        ( Span
                                                            { start = AlexSourcePos
                                                                { line = 7
                                                                , col = 17
                                                                }
                                                            , end = AlexSourcePos
                                                                { line = 7
                                                                , col = 18
                                                                }
                                                            }
                                                        ) 1.0
                                                    )
                                                ]
                                            )
                                        , Object
                                            ( Span
                                                { start = AlexSourcePos
                                                    { line = 8
                                                    , col = 9
                                                    }
                                                , end = AlexSourcePos
                                                    { line = 8
                                                    , col = 83
                                                    }
                                                }
                                            )
                                            ( fromList
                                                [
                                                    ( "title"
                                                    , StringTem
                                                        ( Span
                                                            { start = AlexSourcePos
                                                                { line = 8
                                                                , col = 29
                                                                }
                                                            , end = AlexSourcePos
                                                                { line = 8
                                                                , col = 47
                                                                }
                                                            }
                                                        )
                                                        [ String
                                                            ( Span
                                                                { start = AlexSourcePos
                                                                    { line = 8
                                                                    , col = 30
                                                                    }
                                                                , end = AlexSourcePos
                                                                    { line = 8
                                                                    , col = 46
                                                                    }
                                                                }
                                                            ) "The Mars Trilogy"
                                                        ]
                                                    )
                                                ,
                                                    ( "published"
                                                    , Boolean
                                                        ( Span
                                                            { start = AlexSourcePos
                                                                { line = 8
                                                                , col = 77
                                                                }
                                                            , end = AlexSourcePos
                                                                { line = 8
                                                                , col = 82
                                                                }
                                                            }
                                                        ) False
                                                    )
                                                ,
                                                    ( "length"
                                                    , Number
                                                        ( Span
                                                            { start = AlexSourcePos
                                                                { line = 8
                                                                , col = 59
                                                                }
                                                            , end = AlexSourcePos
                                                                { line = 8
                                                                , col = 62
                                                                }
                                                            }
                                                        ) 500.0
                                                    )
                                                ,
                                                    ( "id"
                                                    , Number
                                                        ( Span
                                                            { start = AlexSourcePos
                                                                { line = 8
                                                                , col = 17
                                                                }
                                                            , end = AlexSourcePos
                                                                { line = 8
                                                                , col = 18
                                                                }
                                                            }
                                                        ) 2.0
                                                    )
                                                ]
                                            )
                                        ]
                                    )
                                ]
                            )
                        )
                    ,
                        ( "name"
                        , StringTem
                            ( Span
                                { start = AlexSourcePos
                                    { line = 2
                                    , col = 13
                                    }
                                , end = AlexSourcePos
                                    { line = 2
                                    , col = 28
                                    }
                                }
                            )
                            [ String
                                ( Span
                                    { start = AlexSourcePos
                                        { line = 2
                                        , col = 14
                                        }
                                    , end = AlexSourcePos
                                        { line = 2
                                        , col = 27
                                        }
                                    }
                                ) "Freddie Jones"
                            ]
                        )
                    ,
                        ( "age"
                        , Number
                            ( Span
                                { start = AlexSourcePos
                                    { line = 3
                                    , col = 12
                                    }
                                , end = AlexSourcePos
                                    { line = 3
                                    , col = 14
                                    }
                                }
                            ) 27.0
                        )
                    ]
                )
            )
        ]
    )