Object
    ( fromList
        [
            ( "bar"
            , String "x{{}}x"
            )
        ,
            ( "foo"
            , String "xx"
            )
        ]
    )