StringTem
    ( Span
        { start = AlexSourcePos
            { line = 0
            , col = 1
            }
        , end = AlexSourcePos
            { line = 0
            , col = 13
            }
        }
    )
    [ String
        ( Span
            { start = AlexSourcePos
                { line = 0
                , col = 2
                }
            , end = AlexSourcePos
                { line = 0
                , col = 5
                }
            }
        ) "foo"
    , Path
        ( Span
            { start = AlexSourcePos
                { line = 0
                , col = 7
                }
            , end = AlexSourcePos
                { line = 0
                , col = 10
                }
            }
        )
        [ Obj
            ( Span
                { start = AlexSourcePos
                    { line = 0
                    , col = 7
                    }
                , end = AlexSourcePos
                    { line = 0
                    , col = 10
                    }
                }
            ) "bar"
        ]
    ]