EscapeURI
    ( Span
        { start = AlexSourcePos
            { line = 0
            , col = 4
            }
        , end = AlexSourcePos
            { line = 0
            , col = 13
            }
        }
    )
    ( StringTem
        ( Span
            { start = AlexSourcePos
                { line = 0
                , col = 14
                }
            , end = AlexSourcePos
                { line = 0
                , col = 28
                }
            }
        )
        [ String
            ( Span
                { start = AlexSourcePos
                    { line = 0
                    , col = 15
                    }
                , end = AlexSourcePos
                    { line = 0
                    , col = 27
                    }
                }
            ) "?foo=bar/baz"
        ]
    )