Array
    ( Span
        { start = AlexSourcePos
            { line = 1
            , col = 1
            }
        , end = AlexSourcePos
            { line = 5
            , col = 2
            }
        }
    )
    [ Path
        ( Span
            { start = AlexSourcePos
                { line = 1
                , col = 3
                }
            , end = AlexSourcePos
                { line = 1
                , col = 13
                }
            }
        )
        [ Obj
            ( Span
                { start = AlexSourcePos
                    { line = 1
                    , col = 6
                    }
                , end = AlexSourcePos
                    { line = 1
                    , col = 10
                    }
                }
            ) "$foo"
        ]
    , Path
        ( Span
            { start = AlexSourcePos
                { line = 2
                , col = 3
                }
            , end = AlexSourcePos
                { line = 2
                , col = 21
                }
            }
        )
        [ Obj
            ( Span
                { start = AlexSourcePos
                    { line = 2
                    , col = 6
                    }
                , end = AlexSourcePos
                    { line = 2
                    , col = 10
                    }
                }
            ) "$foo"
        , Obj
            ( Span
                { start = AlexSourcePos
                    { line = 2
                    , col = 10
                    }
                , end = AlexSourcePos
                    { line = 2
                    , col = 14
                    }
                }
            ) "bar"
        , Obj
            ( Span
                { start = AlexSourcePos
                    { line = 2
                    , col = 14
                    }
                , end = AlexSourcePos
                    { line = 2
                    , col = 18
                    }
                }
            ) "baz"
        ]
    , Path
        ( Span
            { start = AlexSourcePos
                { line = 3
                , col = 3
                }
            , end = AlexSourcePos
                { line = 3
                , col = 28
                }
            }
        )
        [ Obj
            ( Span
                { start = AlexSourcePos
                    { line = 3
                    , col = 6
                    }
                , end = AlexSourcePos
                    { line = 3
                    , col = 10
                    }
                }
            ) "$foo"
        , Obj
            ( Span
                { start = AlexSourcePos
                    { line = 3
                    , col = 10
                    }
                , end = AlexSourcePos
                    { line = 3
                    , col = 21
                    }
                }
            ) "bar baz"
        , Obj
            ( Span
                { start = AlexSourcePos
                    { line = 3
                    , col = 21
                    }
                , end = AlexSourcePos
                    { line = 3
                    , col = 25
                    }
                }
            ) "qux"
        ]
    , Path
        ( Span
            { start = AlexSourcePos
                { line = 4
                , col = 3
                }
            , end = AlexSourcePos
                { line = 4
                , col = 25
                }
            }
        )
        [ Obj
            ( Span
                { start = AlexSourcePos
                    { line = 4
                    , col = 6
                    }
                , end = AlexSourcePos
                    { line = 4
                    , col = 10
                    }
                }
            ) "$foo"
        , Arr
            ( Span
                { start = AlexSourcePos
                    { line = 4
                    , col = 10
                    }
                , end = AlexSourcePos
                    { line = 4
                    , col = 13
                    }
                }
            ) 1
        , Arr
            ( Span
                { start = AlexSourcePos
                    { line = 4
                    , col = 13
                    }
                , end = AlexSourcePos
                    { line = 4
                    , col = 16
                    }
                }
            ) 0
        , Arr
            ( Span
                { start = AlexSourcePos
                    { line = 4
                    , col = 16
                    }
                , end = AlexSourcePos
                    { line = 4
                    , col = 19
                    }
                }
            ) 3
        , Obj
            ( Span
                { start = AlexSourcePos
                    { line = 4
                    , col = 19
                    }
                , end = AlexSourcePos
                    { line = 4
                    , col = 22
                    }
                }
            ) "ok"
        ]
    ]